Erreur de syntaxe :
	analog [options] nomfichier.log
Options possibles :
	[-g nomfichier.dot]
	[-e]
	[-t heure]

