/SiteWebIF/Intranet-etudiant.php (3 hits)
/stages/Listestage.php (1 hits)
/temps/ (1 hits)
/temps/3IF37.html (1 hits)
/temps/3IF38.html (1 hits)
/temps/3IF39.html (1 hits)

