Erreur: veuillez respecter la syntaxe dÃ©crite dans la documentation
