/temps/3IF4.html (1 hits)
/temps/3IF5.html (1 hits)
/temps/3IF6.html (1 hits)
/temps/3IF7.html (1 hits)
/temps/3IF8.html (1 hits)
/temps/3IF9.html (1 hits)
