Erreur de syntaxe : veuillez vous référez au manuel en tapant "man ./analogman"
