Erreur : L'heure doit Ãªtre comprise entre 0 et 23

