Erreur lors de l'ouverture du fichier .dot. Vérifiez que vous disposez des droits nécessaires.

