/SiteWebIF/Intranet-etudiant.php (3 hits)
/stages/Listestage.php (1 hits)
/temps/3IF38.html (1 hits)
/temps/3IF39.html (1 hits)
/temps/FondInsa.jpg (1 hits)
/temps/InsaIF.ico (1 hits)
/temps/choix.gif (1 hits)
/temps/precedent.gif (1 hits)
/temps/style_emploi_du_temps.css (1 hits)
/temps/suivant.gif (1 hits)
