Dot-file fichier.dot generated
/temps/3IF37.html (1 hits)

