Erreur: Problème sur l'ouverture du fichier. Vérifiez que celui-ci existe, ou que vous disposez des droits nécessaires
