Erreur: Problème sur l'ouverture du fichier .log. Vérifiez que celui-ci existe, et que vous disposez des droits nécessaires

